// Jest Snapshot v1, https://goo.gl/fbAQLP

exports[`Testing Country component Testing with snapshot 1`] = `
<div>
  <header
    className="header"
  >
    <nav>
      <ul
        className="menu displayFlex"
      >
        <li
          className="flex-1"
        >
          <a
            aria-current="page"
            className="navLink active"
            href="/"
            onClick={[Function]}
          >
            <svg
              fill="currentColor"
              height="1em"
              stroke="currentColor"
              strokeWidth="0"
              style={
                Object {
                  "color": undefined,
                }
              }
              viewBox="0 0 496 512"
              width="1em"
              xmlns="http://www.w3.org/2000/svg"
            >
              <path
                d="M248 8C111.03 8 0 119.03 0 256s111.03 248 248 248 248-111.03 248-248S384.97 8 248 8zm160 215.5v6.93c0 5.87-3.32 11.24-8.57 13.86l-15.39 7.7a15.485 15.485 0 0 1-15.53-.97l-18.21-12.14a15.52 15.52 0 0 0-13.5-1.81l-2.65.88c-9.7 3.23-13.66 14.79-7.99 23.3l13.24 19.86c2.87 4.31 7.71 6.9 12.89 6.9h8.21c8.56 0 15.5 6.94 15.5 15.5v11.34c0 3.35-1.09 6.62-3.1 9.3l-18.74 24.98c-1.42 1.9-2.39 4.1-2.83 6.43l-4.3 22.83c-.62 3.29-2.29 6.29-4.76 8.56a159.608 159.608 0 0 0-25 29.16l-13.03 19.55a27.756 27.756 0 0 1-23.09 12.36c-10.51 0-20.12-5.94-24.82-15.34a78.902 78.902 0 0 1-8.33-35.29V367.5c0-8.56-6.94-15.5-15.5-15.5h-25.88c-14.49 0-28.38-5.76-38.63-16a54.659 54.659 0 0 1-16-38.63v-14.06c0-17.19 8.1-33.38 21.85-43.7l27.58-20.69a54.663 54.663 0 0 1 32.78-10.93h.89c8.48 0 16.85 1.97 24.43 5.77l14.72 7.36c3.68 1.84 7.93 2.14 11.83.84l47.31-15.77c6.33-2.11 10.6-8.03 10.6-14.7 0-8.56-6.94-15.5-15.5-15.5h-10.09c-4.11 0-8.05-1.63-10.96-4.54l-6.92-6.92a15.493 15.493 0 0 0-10.96-4.54H199.5c-8.56 0-15.5-6.94-15.5-15.5v-4.4c0-7.11 4.84-13.31 11.74-15.04l14.45-3.61c3.74-.94 7-3.23 9.14-6.44l8.08-12.11c2.87-4.31 7.71-6.9 12.89-6.9h24.21c8.56 0 15.5-6.94 15.5-15.5v-21.7C359.23 71.63 422.86 131.02 441.93 208H423.5c-8.56 0-15.5 6.94-15.5 15.5z"
              />
            </svg>
          </a>
        </li>
        <li
          className="flex-1"
        />
      </ul>
    </nav>
  </header>
  <div
    className="homs"
  >
    <ul
      className="displayFlex space-btn home-data"
    >
      <li
        className="text-right"
      >
        <a
          aria-current="page"
          className="navLink displayFlex justify-center align-center active"
          href="/"
          onClick={[Function]}
        >
          <svg
            fill="currentColor"
            height="1em"
            stroke="currentColor"
            strokeWidth="0"
            style={
              Object {
                "color": undefined,
              }
            }
            viewBox="0 0 256 512"
            width="1em"
            xmlns="http://www.w3.org/2000/svg"
          >
            <path
              d="M256 52.048V12.065C256 5.496 250.726.148 244.158.066 211.621-.344 166.469.011 128 37.959 90.266.736 46.979-.114 11.913.114 5.318.157 0 5.519 0 12.114v39.645c0 6.687 5.458 12.078 12.145 11.998C38.111 63.447 96 67.243 96 112.182V224H60c-6.627 0-12 5.373-12 12v40c0 6.627 5.373 12 12 12h36v112c0 44.932-56.075 48.031-83.95 47.959C5.404 447.942 0 453.306 0 459.952v39.983c0 6.569 5.274 11.917 11.842 11.999 32.537.409 77.689.054 116.158-37.894 37.734 37.223 81.021 38.073 116.087 37.845 6.595-.043 11.913-5.405 11.913-12V460.24c0-6.687-5.458-12.078-12.145-11.998C217.889 448.553 160 444.939 160 400V288h36c6.627 0 12-5.373 12-12v-40c0-6.627-5.373-12-12-12h-36V112.182c0-44.932 56.075-48.213 83.95-48.142 6.646.018 12.05-5.346 12.05-11.992z"
            />
          </svg>
          Back
        </a>
      </li>
    </ul>
  </div>
  <div>
    <table
      className="country-table"
    >
      <thead>
        <th>
          Field
        </th>
        <th>
          Details
        </th>
      </thead>
    </table>
  </div>
</div>
`;
